---
http_interactions:
- request:
    method: get
    uri: https://lend-a-toolza-be.onrender.com/api/v1/users/294/tools
    body:
      encoding: US-ASCII
      string: ''
    headers:
      User-Agent:
      - Faraday v2.7.10
      Accept-Encoding:
      - gzip;q=1.0,deflate;q=0.6,identity;q=0.3
      Accept:
      - "*/*"
  response:
    status:
      code: 200
      message: OK
    headers:
      Date:
      - Fri, 04 Aug 2023 19:53:28 GMT
      Content-Type:
      - application/json; charset=utf-8
      Transfer-Encoding:
      - chunked
      Connection:
      - keep-alive
      Cf-Ray:
      - 7f1958c02fec61ec-ORD
      Cf-Cache-Status:
      - DYNAMIC
      Cache-Control:
      - max-age=0, private, must-revalidate
      Etag:
      - W/"8fe32e407a1038ee38753b70e5374b3a"
      Vary:
      - Accept-Encoding
      Referrer-Policy:
      - strict-origin-when-cross-origin
      X-Content-Type-Options:
      - nosniff
      X-Download-Options:
      - noopen
      X-Frame-Options:
      - SAMEORIGIN
      X-Permitted-Cross-Domain-Policies:
      - none
      X-Render-Origin-Server:
      - Render
      X-Request-Id:
      - 7453e7ed-8328-4720-8990-bbb62bccfaf6
      X-Runtime:
      - '0.005591'
      X-Xss-Protection:
      - '0'
      Server:
      - cloudflare
      Alt-Svc:
      - h3=":443"; ma=86400
    body:
      encoding: ASCII-8BIT
      string: '{"data":[]}'
  recorded_at: Fri, 04 Aug 2023 19:53:28 GMT
- request:
    method: get
    uri: https://lend-a-toolza-be.onrender.com/api/v1/users/294/tools
    body:
      encoding: US-ASCII
      string: ''
    headers:
      User-Agent:
      - Faraday v2.7.10
      Accept-Encoding:
      - gzip;q=1.0,deflate;q=0.6,identity;q=0.3
      Accept:
      - "*/*"
  response:
    status:
      code: 200
      message: OK
    headers:
      Date:
      - Fri, 04 Aug 2023 19:53:28 GMT
      Content-Type:
      - application/json; charset=utf-8
      Transfer-Encoding:
      - chunked
      Connection:
      - keep-alive
      Cf-Ray:
      - 7f1958c1d8688102-ORD
      Cf-Cache-Status:
      - DYNAMIC
      Cache-Control:
      - max-age=0, private, must-revalidate
      Etag:
      - W/"8fe32e407a1038ee38753b70e5374b3a"
      Vary:
      - Accept-Encoding
      Referrer-Policy:
      - strict-origin-when-cross-origin
      X-Content-Type-Options:
      - nosniff
      X-Download-Options:
      - noopen
      X-Frame-Options:
      - SAMEORIGIN
      X-Permitted-Cross-Domain-Policies:
      - none
      X-Render-Origin-Server:
      - Render
      X-Request-Id:
      - a01146ba-49c0-4816-bbc4-225a13c343c8
      X-Runtime:
      - '0.003493'
      X-Xss-Protection:
      - '0'
      Server:
      - cloudflare
      Alt-Svc:
      - h3=":443"; ma=86400
    body:
      encoding: ASCII-8BIT
      string: '{"data":[]}'
  recorded_at: Fri, 04 Aug 2023 19:53:28 GMT
- request:
    method: get
    uri: https://lend-a-toolza-be.onrender.com/api/v1/users/6/tools
    body:
      encoding: US-ASCII
      string: ''
    headers:
      User-Agent:
      - Faraday v2.7.10
      Accept-Encoding:
      - gzip;q=1.0,deflate;q=0.6,identity;q=0.3
      Accept:
      - "*/*"
  response:
    status:
      code: 200
      message: OK
    headers:
      Date:
      - Fri, 11 Aug 2023 16:59:40 GMT
      Content-Type:
      - application/json; charset=utf-8
      Transfer-Encoding:
      - chunked
      Connection:
      - keep-alive
      Cf-Ray:
      - 7f5207c96e9f62fc-ORD
      Cf-Cache-Status:
      - DYNAMIC
      Cache-Control:
      - max-age=0, private, must-revalidate
      Etag:
      - W/"8fe32e407a1038ee38753b70e5374b3a"
      Vary:
      - Accept-Encoding
      Referrer-Policy:
      - strict-origin-when-cross-origin
      X-Content-Type-Options:
      - nosniff
      X-Download-Options:
      - noopen
      X-Frame-Options:
      - SAMEORIGIN
      X-Permitted-Cross-Domain-Policies:
      - none
      X-Render-Origin-Server:
      - Render
      X-Request-Id:
      - 6cb57f6d-7eb9-4879-bbe3-4a551dca24df
      X-Runtime:
      - '0.003617'
      X-Xss-Protection:
      - '0'
      Server:
      - cloudflare
      Alt-Svc:
      - h3=":443"; ma=86400
    body:
      encoding: ASCII-8BIT
      string: '{"data":[]}'
  recorded_at: Fri, 11 Aug 2023 16:59:40 GMT
- request:
    method: get
    uri: https://lend-a-toolza-be.onrender.com/api/v1/users/6/tools
    body:
      encoding: US-ASCII
      string: ''
    headers:
      User-Agent:
      - Faraday v2.7.10
      Accept-Encoding:
      - gzip;q=1.0,deflate;q=0.6,identity;q=0.3
      Accept:
      - "*/*"
  response:
    status:
      code: 200
      message: OK
    headers:
      Date:
      - Fri, 11 Aug 2023 16:59:40 GMT
      Content-Type:
      - application/json; charset=utf-8
      Transfer-Encoding:
      - chunked
      Connection:
      - keep-alive
      Cf-Ray:
      - 7f5207cb1da12b2d-ORD
      Cf-Cache-Status:
      - DYNAMIC
      Cache-Control:
      - max-age=0, private, must-revalidate
      Etag:
      - W/"8fe32e407a1038ee38753b70e5374b3a"
      Vary:
      - Accept-Encoding
      Referrer-Policy:
      - strict-origin-when-cross-origin
      X-Content-Type-Options:
      - nosniff
      X-Download-Options:
      - noopen
      X-Frame-Options:
      - SAMEORIGIN
      X-Permitted-Cross-Domain-Policies:
      - none
      X-Render-Origin-Server:
      - Render
      X-Request-Id:
      - 85928128-ba9c-4422-b757-bfa2f2b416d8
      X-Runtime:
      - '0.004362'
      X-Xss-Protection:
      - '0'
      Server:
      - cloudflare
      Alt-Svc:
      - h3=":443"; ma=86400
    body:
      encoding: ASCII-8BIT
      string: '{"data":[]}'
  recorded_at: Fri, 11 Aug 2023 16:59:40 GMT
- request:
    method: get
    uri: https://lend-a-toolza-be.onrender.com/api/v1/users/14/tools
    body:
      encoding: US-ASCII
      string: ''
    headers:
      User-Agent:
      - Faraday v2.7.10
      Accept-Encoding:
      - gzip;q=1.0,deflate;q=0.6,identity;q=0.3
      Accept:
      - "*/*"
  response:
    status:
      code: 200
      message: OK
    headers:
      Date:
      - Fri, 11 Aug 2023 17:10:20 GMT
      Content-Type:
      - application/json; charset=utf-8
      Transfer-Encoding:
      - chunked
      Connection:
      - keep-alive
      Cf-Ray:
      - 7f52176a9f9e2b03-ORD
      Cf-Cache-Status:
      - DYNAMIC
      Cache-Control:
      - max-age=0, private, must-revalidate
      Etag:
      - W/"8fe32e407a1038ee38753b70e5374b3a"
      Vary:
      - Accept-Encoding
      Referrer-Policy:
      - strict-origin-when-cross-origin
      X-Content-Type-Options:
      - nosniff
      X-Download-Options:
      - noopen
      X-Frame-Options:
      - SAMEORIGIN
      X-Permitted-Cross-Domain-Policies:
      - none
      X-Render-Origin-Server:
      - Render
      X-Request-Id:
      - ec2cf0a0-33be-4047-979a-b68d9cb107cc
      X-Runtime:
      - '0.003890'
      X-Xss-Protection:
      - '0'
      Server:
      - cloudflare
      Alt-Svc:
      - h3=":443"; ma=86400
    body:
      encoding: ASCII-8BIT
      string: '{"data":[]}'
  recorded_at: Fri, 11 Aug 2023 17:10:20 GMT
- request:
    method: get
    uri: https://lend-a-toolza-be.onrender.com/api/v1/users/14/tools
    body:
      encoding: US-ASCII
      string: ''
    headers:
      User-Agent:
      - Faraday v2.7.10
      Accept-Encoding:
      - gzip;q=1.0,deflate;q=0.6,identity;q=0.3
      Accept:
      - "*/*"
  response:
    status:
      code: 200
      message: OK
    headers:
      Date:
      - Fri, 11 Aug 2023 17:10:20 GMT
      Content-Type:
      - application/json; charset=utf-8
      Transfer-Encoding:
      - chunked
      Connection:
      - keep-alive
      Cf-Ray:
      - 7f52176c4e3913ff-ORD
      Cf-Cache-Status:
      - DYNAMIC
      Cache-Control:
      - max-age=0, private, must-revalidate
      Etag:
      - W/"8fe32e407a1038ee38753b70e5374b3a"
      Vary:
      - Accept-Encoding
      Referrer-Policy:
      - strict-origin-when-cross-origin
      X-Content-Type-Options:
      - nosniff
      X-Download-Options:
      - noopen
      X-Frame-Options:
      - SAMEORIGIN
      X-Permitted-Cross-Domain-Policies:
      - none
      X-Render-Origin-Server:
      - Render
      X-Request-Id:
      - b29b8695-8887-481d-8474-4f80bc37c6c1
      X-Runtime:
      - '0.003762'
      X-Xss-Protection:
      - '0'
      Server:
      - cloudflare
      Alt-Svc:
      - h3=":443"; ma=86400
    body:
      encoding: ASCII-8BIT
      string: '{"data":[]}'
  recorded_at: Fri, 11 Aug 2023 17:10:20 GMT
- request:
    method: get
    uri: https://lend-a-toolza-be.onrender.com/api/v1/users/22/tools
    body:
      encoding: US-ASCII
      string: ''
    headers:
      User-Agent:
      - Faraday v2.7.10
      Accept-Encoding:
      - gzip;q=1.0,deflate;q=0.6,identity;q=0.3
      Accept:
      - "*/*"
  response:
    status:
      code: 200
      message: OK
    headers:
      Date:
      - Fri, 11 Aug 2023 17:13:19 GMT
      Content-Type:
      - application/json; charset=utf-8
      Transfer-Encoding:
      - chunked
      Connection:
      - keep-alive
      Cf-Ray:
      - 7f521bc92e8ee261-ORD
      Cf-Cache-Status:
      - DYNAMIC
      Cache-Control:
      - max-age=0, private, must-revalidate
      Etag:
      - W/"8fe32e407a1038ee38753b70e5374b3a"
      Vary:
      - Accept-Encoding
      Referrer-Policy:
      - strict-origin-when-cross-origin
      X-Content-Type-Options:
      - nosniff
      X-Download-Options:
      - noopen
      X-Frame-Options:
      - SAMEORIGIN
      X-Permitted-Cross-Domain-Policies:
      - none
      X-Render-Origin-Server:
      - Render
      X-Request-Id:
      - 95de10e8-702f-4cc4-8743-f16617f1001d
      X-Runtime:
      - '0.017630'
      X-Xss-Protection:
      - '0'
      Server:
      - cloudflare
      Alt-Svc:
      - h3=":443"; ma=86400
    body:
      encoding: ASCII-8BIT
      string: '{"data":[]}'
  recorded_at: Fri, 11 Aug 2023 17:13:19 GMT
- request:
    method: get
    uri: https://lend-a-toolza-be.onrender.com/api/v1/users/22/tools
    body:
      encoding: US-ASCII
      string: ''
    headers:
      User-Agent:
      - Faraday v2.7.10
      Accept-Encoding:
      - gzip;q=1.0,deflate;q=0.6,identity;q=0.3
      Accept:
      - "*/*"
  response:
    status:
      code: 200
      message: OK
    headers:
      Date:
      - Fri, 11 Aug 2023 17:13:19 GMT
      Content-Type:
      - application/json; charset=utf-8
      Transfer-Encoding:
      - chunked
      Connection:
      - keep-alive
      Cf-Ray:
      - 7f521bcafb4c2ca3-ORD
      Cf-Cache-Status:
      - DYNAMIC
      Cache-Control:
      - max-age=0, private, must-revalidate
      Etag:
      - W/"8fe32e407a1038ee38753b70e5374b3a"
      Vary:
      - Accept-Encoding
      Referrer-Policy:
      - strict-origin-when-cross-origin
      X-Content-Type-Options:
      - nosniff
      X-Download-Options:
      - noopen
      X-Frame-Options:
      - SAMEORIGIN
      X-Permitted-Cross-Domain-Policies:
      - none
      X-Render-Origin-Server:
      - Render
      X-Request-Id:
      - 70c3dd07-e8bf-4399-83ca-20a3c15b7529
      X-Runtime:
      - '0.003646'
      X-Xss-Protection:
      - '0'
      Server:
      - cloudflare
      Alt-Svc:
      - h3=":443"; ma=86400
    body:
      encoding: ASCII-8BIT
      string: '{"data":[]}'
  recorded_at: Fri, 11 Aug 2023 17:13:19 GMT
- request:
    method: get
    uri: https://lend-a-toolza-be.onrender.com/api/v1/users/78/tools
    body:
      encoding: US-ASCII
      string: ''
    headers:
      User-Agent:
      - Faraday v2.7.10
      Accept-Encoding:
      - gzip;q=1.0,deflate;q=0.6,identity;q=0.3
      Accept:
      - "*/*"
  response:
    status:
      code: 200
      message: OK
    headers:
      Date:
      - Fri, 11 Aug 2023 17:31:43 GMT
      Content-Type:
      - application/json; charset=utf-8
      Transfer-Encoding:
      - chunked
      Connection:
      - keep-alive
      Cf-Ray:
      - 7f52355ea86f8119-ORD
      Cf-Cache-Status:
      - DYNAMIC
      Cache-Control:
      - max-age=0, private, must-revalidate
      Etag:
      - W/"8fe32e407a1038ee38753b70e5374b3a"
      Vary:
      - Accept-Encoding
      Referrer-Policy:
      - strict-origin-when-cross-origin
      X-Content-Type-Options:
      - nosniff
      X-Download-Options:
      - noopen
      X-Frame-Options:
      - SAMEORIGIN
      X-Permitted-Cross-Domain-Policies:
      - none
      X-Render-Origin-Server:
      - Render
      X-Request-Id:
      - 0f0a58c0-47fd-4058-b9e5-d1e539b4fe58
      X-Runtime:
      - '0.065979'
      X-Xss-Protection:
      - '0'
      Server:
      - cloudflare
      Alt-Svc:
      - h3=":443"; ma=86400
    body:
      encoding: ASCII-8BIT
      string: '{"data":[]}'
  recorded_at: Fri, 11 Aug 2023 17:31:43 GMT
- request:
    method: get
    uri: https://lend-a-toolza-be.onrender.com/api/v1/users/78/tools
    body:
      encoding: US-ASCII
      string: ''
    headers:
      User-Agent:
      - Faraday v2.7.10
      Accept-Encoding:
      - gzip;q=1.0,deflate;q=0.6,identity;q=0.3
      Accept:
      - "*/*"
  response:
    status:
      code: 200
      message: OK
    headers:
      Date:
      - Fri, 11 Aug 2023 17:31:43 GMT
      Content-Type:
      - application/json; charset=utf-8
      Transfer-Encoding:
      - chunked
      Connection:
      - keep-alive
      Cf-Ray:
      - 7f5236bf1d6c6386-ORD
      Cf-Cache-Status:
      - DYNAMIC
      Cache-Control:
      - max-age=0, private, must-revalidate
      Etag:
      - W/"8fe32e407a1038ee38753b70e5374b3a"
      Vary:
      - Accept-Encoding
      Referrer-Policy:
      - strict-origin-when-cross-origin
      X-Content-Type-Options:
      - nosniff
      X-Download-Options:
      - noopen
      X-Frame-Options:
      - SAMEORIGIN
      X-Permitted-Cross-Domain-Policies:
      - none
      X-Render-Origin-Server:
      - Render
      X-Request-Id:
      - aa22ef5f-40e5-46f7-84ce-325663887fe5
      X-Runtime:
      - '0.004333'
      X-Xss-Protection:
      - '0'
      Server:
      - cloudflare
      Alt-Svc:
      - h3=":443"; ma=86400
    body:
      encoding: ASCII-8BIT
      string: '{"data":[]}'
  recorded_at: Fri, 11 Aug 2023 17:31:43 GMT
- request:
    method: get
    uri: https://lend-a-toolza-be.onrender.com/api/v1/users/98/tools
    body:
      encoding: US-ASCII
      string: ''
    headers:
      User-Agent:
      - Faraday v2.7.10
      Accept-Encoding:
      - gzip;q=1.0,deflate;q=0.6,identity;q=0.3
      Accept:
      - "*/*"
  response:
    status:
      code: 200
      message: OK
    headers:
      Date:
      - Fri, 11 Aug 2023 17:36:26 GMT
      Content-Type:
      - application/json; charset=utf-8
      Transfer-Encoding:
      - chunked
      Connection:
      - keep-alive
      Cf-Ray:
      - 7f523da4fe4310a5-ORD
      Cf-Cache-Status:
      - DYNAMIC
      Cache-Control:
      - max-age=0, private, must-revalidate
      Etag:
      - W/"8fe32e407a1038ee38753b70e5374b3a"
      Vary:
      - Accept-Encoding
      Referrer-Policy:
      - strict-origin-when-cross-origin
      X-Content-Type-Options:
      - nosniff
      X-Download-Options:
      - noopen
      X-Frame-Options:
      - SAMEORIGIN
      X-Permitted-Cross-Domain-Policies:
      - none
      X-Render-Origin-Server:
      - Render
      X-Request-Id:
      - 53637e90-7a59-445d-bc9c-74579a1244d3
      X-Runtime:
      - '0.004529'
      X-Xss-Protection:
      - '0'
      Server:
      - cloudflare
      Alt-Svc:
      - h3=":443"; ma=86400
    body:
      encoding: ASCII-8BIT
      string: '{"data":[]}'
  recorded_at: Fri, 11 Aug 2023 17:36:26 GMT
- request:
    method: get
    uri: https://lend-a-toolza-be.onrender.com/api/v1/users/98/tools
    body:
      encoding: US-ASCII
      string: ''
    headers:
      User-Agent:
      - Faraday v2.7.10
      Accept-Encoding:
      - gzip;q=1.0,deflate;q=0.6,identity;q=0.3
      Accept:
      - "*/*"
  response:
    status:
      code: 200
      message: OK
    headers:
      Date:
      - Fri, 11 Aug 2023 17:36:26 GMT
      Content-Type:
      - application/json; charset=utf-8
      Transfer-Encoding:
      - chunked
      Connection:
      - keep-alive
      Cf-Ray:
      - 7f523da6bc798121-ORD
      Cf-Cache-Status:
      - DYNAMIC
      Cache-Control:
      - max-age=0, private, must-revalidate
      Etag:
      - W/"8fe32e407a1038ee38753b70e5374b3a"
      Vary:
      - Accept-Encoding
      Referrer-Policy:
      - strict-origin-when-cross-origin
      X-Content-Type-Options:
      - nosniff
      X-Download-Options:
      - noopen
      X-Frame-Options:
      - SAMEORIGIN
      X-Permitted-Cross-Domain-Policies:
      - none
      X-Render-Origin-Server:
      - Render
      X-Request-Id:
      - f04919d1-708a-441e-9fa3-b901aa9cd1db
      X-Runtime:
      - '0.005781'
      X-Xss-Protection:
      - '0'
      Server:
      - cloudflare
      Alt-Svc:
      - h3=":443"; ma=86400
    body:
      encoding: ASCII-8BIT
      string: '{"data":[]}'
  recorded_at: Fri, 11 Aug 2023 17:36:26 GMT
- request:
    method: get
    uri: https://lend-a-toolza-be.onrender.com/api/v1/users/118/tools
    body:
      encoding: US-ASCII
      string: ''
    headers:
      User-Agent:
      - Faraday v2.7.10
      Accept-Encoding:
      - gzip;q=1.0,deflate;q=0.6,identity;q=0.3
      Accept:
      - "*/*"
  response:
    status:
      code: 200
      message: OK
    headers:
      Date:
      - Fri, 11 Aug 2023 18:59:19 GMT
      Content-Type:
      - application/json; charset=utf-8
      Transfer-Encoding:
      - chunked
      Connection:
      - keep-alive
      Cf-Ray:
      - 7f52b62a8aa32330-ORD
      Cf-Cache-Status:
      - DYNAMIC
      Cache-Control:
      - max-age=0, private, must-revalidate
      Etag:
      - W/"8fe32e407a1038ee38753b70e5374b3a"
      Vary:
      - Accept-Encoding
      Referrer-Policy:
      - strict-origin-when-cross-origin
      X-Content-Type-Options:
      - nosniff
      X-Download-Options:
      - noopen
      X-Frame-Options:
      - SAMEORIGIN
      X-Permitted-Cross-Domain-Policies:
      - none
      X-Render-Origin-Server:
      - Render
      X-Request-Id:
      - 3707962c-5a61-456e-b824-7d13cbf1b7d9
      X-Runtime:
      - '0.408758'
      X-Xss-Protection:
      - '0'
      Server:
      - cloudflare
      Alt-Svc:
      - h3=":443"; ma=86400
    body:
      encoding: ASCII-8BIT
      string: '{"data":[]}'
  recorded_at: Fri, 11 Aug 2023 18:59:19 GMT
- request:
    method: get
    uri: https://lend-a-toolza-be.onrender.com/api/v1/users/118/tools
    body:
      encoding: US-ASCII
      string: ''
    headers:
      User-Agent:
      - Faraday v2.7.10
      Accept-Encoding:
      - gzip;q=1.0,deflate;q=0.6,identity;q=0.3
      Accept:
      - "*/*"
  response:
    status:
      code: 200
      message: OK
    headers:
      Date:
      - Fri, 11 Aug 2023 18:59:19 GMT
      Content-Type:
      - application/json; charset=utf-8
      Transfer-Encoding:
      - chunked
      Connection:
      - keep-alive
      Cf-Ray:
      - 7f52b7101cd621a9-ORD
      Cf-Cache-Status:
      - DYNAMIC
      Cache-Control:
      - max-age=0, private, must-revalidate
      Etag:
      - W/"8fe32e407a1038ee38753b70e5374b3a"
      Vary:
      - Accept-Encoding
      Referrer-Policy:
      - strict-origin-when-cross-origin
      X-Content-Type-Options:
      - nosniff
      X-Download-Options:
      - noopen
      X-Frame-Options:
      - SAMEORIGIN
      X-Permitted-Cross-Domain-Policies:
      - none
      X-Render-Origin-Server:
      - Render
      X-Request-Id:
      - 806a9f8c-ec40-4ed3-b280-25222f3e5375
      X-Runtime:
      - '0.003903'
      X-Xss-Protection:
      - '0'
      Server:
      - cloudflare
      Alt-Svc:
      - h3=":443"; ma=86400
    body:
      encoding: ASCII-8BIT
      string: '{"data":[]}'
  recorded_at: Fri, 11 Aug 2023 18:59:19 GMT
recorded_with: VCR 6.2.0
